 NREP  EXP  TRT  NYR FILEX        DESCRIPTION
    1    1    1    1 UFGA7801.SBX
    2    1    2    1 UFGA7801.SBX
